// Jest Snapshot v1, https://goo.gl/fbAQLP

exports[`GildedRose should match snapshot 1`] = `[MockFunction]`;
